username: 'Nombre de usuario'
password: ContraseÃ±a
submit: Enviar
