username: 'Nombre de usuario'
password: Contrase√±a
submit_form: 'Enviar formulario'
