username;"Nom d'utilisateur"
password;"Mot de passe"
submit;Soumettre
